// Jest Snapshot v1, https://goo.gl/fbAQLP

exports[`Post renders and matches the snapshot 1`] = `
<div>
  <h3>
    Test post
  </h3>
</div>
`;
